2025-07-09 22:17:30,074 - __main__ - INFO - Starting ring monitor for device: 1A:8E:08:AC:1E:97
2025-07-09 22:17:30,111 - client - INFO - Connecting to 1A:8E:08:AC:1E:97
2025-07-09 22:17:40,155 - __main__ - ERROR - Error in monitoring loop: Device with address 1A:8E:08:AC:1E:97 was not found.
2025-07-09 22:17:40,156 - __main__ - INFO - Ring monitor stopped
2025-07-09 22:17:40,157 - __main__ - ERROR - Fatal error: Device with address 1A:8E:08:AC:1E:97 was not found.
2025-07-09 22:18:05,784 - __main__ - INFO - Starting ring monitor for device: 1A:8E:08:AC:1E:97
2025-07-09 22:18:05,818 - client - INFO - Connecting to 1A:8E:08:AC:1E:97
2025-07-09 22:18:10,401 - client - INFO - Connected!
2025-07-09 22:18:10,640 - __main__ - INFO - Device info: {'hw_version': 'R02_V3.0', 'fw_version': 'R02_3.00.06_240523'}
2025-07-09 22:18:10,760 - client - INFO - Received packet bytearray(b'\x03b\x00\x00\x00\x00\x00\x00\x00\x00\x00\x00\x00\x00\x00e')
2025-07-09 22:18:10,761 - __main__ - ERROR - Failed to get battery status: 'BatteryInfo' object has no attribute 'level'
2025-07-09 22:18:10,880 - client - INFO - Received packet bytearray(b'\x16\x01\x02\x1e\x00\x00\x00\x00\x00\x00\x00\x00\x00\x00\x007')
2025-07-09 22:18:10,881 - __main__ - INFO - HR logging settings: enabled=False, interval=30min
2025-07-09 22:18:10,882 - __main__ - INFO - Starting monitoring loop (interval: 30s)
2025-07-09 22:18:10,882 - __main__ - INFO - --- Starting monitoring cycle ---
2025-07-09 22:18:10,883 - __main__ - INFO - Measuring real-time heart rate...
2025-07-09 22:18:11,000 - client - INFO - Received packet bytearray(b'i\x01\x00\x00\x00\x00\x00\x00\x00\x00\x00\x00\x00\x00\x00j')
2025-07-09 22:18:36,328 - client - INFO - Received packet bytearray(b'i\x01\x00M\x00\x00\x00\x00\x00\x00\x00\x00\x00\x00\x00\xb7')
2025-07-09 22:18:37,015 - client - INFO - Received packet bytearray(b'i\x01\x00M\x00\x00\x00\x00\x00\x00\x00\x00\x00\x00\x00\xb7')
2025-07-09 22:18:37,265 - client - INFO - Received packet bytearray(b'i\x01\x00M\x00\x00\x00\x00\x00\x00\x00\x00\x00\x00\x00\xb7')
2025-07-09 22:18:37,889 - client - INFO - Received packet bytearray(b'i\x01\x00M\x00\x00\x00\x00\x00\x00\x00\x00\x00\x00\x00\xb7')
2025-07-09 22:18:38,265 - client - INFO - Received packet bytearray(b'i\x01\x00M\x00\x00\x00\x00\x00\x00\x00\x00\x00\x00\x00\xb7')
2025-07-09 22:18:38,765 - client - INFO - Received packet bytearray(b'i\x01\x00M\x00\x00\x00\x00\x00\x00\x00\x00\x00\x00\x00\xb7')
2025-07-09 22:18:38,768 - __main__ - INFO - Real-time HR readings: [77, 77, 77, 77, 77, 77] (avg: 77.0 bpm)
2025-07-09 22:18:38,768 - __main__ - INFO - Getting firehose data...
2025-07-09 22:18:39,016 - client - INFO - Received packet bytearray(b'j\x01\x00\x00\x00\x00\x00\x00\x00\x00\x00\x00\x00\x00\x00k')
2025-07-09 22:18:39,264 - client - INFO - Received packet bytearray(b'\xa1\x01\x00\x00\x00\xb1\x00Y\x00\x80\x01\x00\x00\x00\x00-')
2025-07-09 22:18:39,265 - client - INFO - Received packet bytearray(b'\xa1\x02\x00\x00)\xc7(\xdc\x00\xeb\x01\x00\x00\x00\x00\x83')
2025-07-09 22:18:39,266 - client - INFO - Received packet bytearray(b'\xa1\x03\x17\r\x01\x0c\x0f\x04\x00\x00\x00\x00\x00\x00\x00\xe8')
2025-07-09 22:18:39,266 - client - ERROR - SpO2(current=0, max=177, min=89, diff=128)
2025-07-09 22:18:39,267 - client - ERROR - PPG(current=0, max=10695, min=10460, diff=235)
2025-07-09 22:18:39,267 - client - ERROR - Accelerometer(x=-1804, y=381, z=28)
2025-07-09 22:18:39,390 - client - INFO - Received packet bytearray(b'\xa1\x01\x00\x9c\x00\xb1\x00Y\x00\x80\x01\x00\x00\x00\x00\xc9')
2025-07-09 22:18:39,391 - client - INFO - Received packet bytearray(b'\xa1\x02(\xc9)\xc7(\xdc\x00\xeb\x01\x00\x00\x00\x00t')
2025-07-09 22:18:39,392 - client - INFO - Received packet bytearray(b'\xa1\x03\x19\n\x01\x08\x0e\t\x00\x00\x00\x00\x00\x00\x00\xe7')
2025-07-09 22:18:39,392 - client - ERROR - SpO2(current=156, max=177, min=89, diff=128)
2025-07-09 22:18:39,392 - client - ERROR - PPG(current=10441, max=10695, min=10460, diff=235)
2025-07-09 22:18:39,392 - client - ERROR - Accelerometer(x=-1815, y=-1878, z=24)
2025-07-09 22:18:39,640 - client - INFO - Received packet bytearray(b'\xa1\x01\x00\x9c\x00\xb1\x00Y\x00\x80\x01\x00\x00\x00\x00\xc9')
2025-07-09 22:18:39,641 - client - INFO - Received packet bytearray(b'\xa1\x02(\xd0)\xc7(\xdc\x00\xeb\x01\x00\x00\x00\x00{')
2025-07-09 22:18:39,642 - client - INFO - Received packet bytearray(b'\xa1\x03\x1a\x0b\x00\x02\x0c\x0f\x00\x00\x00\x00\x00\x00\x00\xe6')
2025-07-09 22:18:39,642 - client - ERROR - SpO2(current=156, max=177, min=89, diff=128)
2025-07-09 22:18:39,642 - client - ERROR - PPG(current=10448, max=10695, min=10460, diff=235)
2025-07-09 22:18:39,643 - client - ERROR - Accelerometer(x=-1841, y=-1861, z=2)
2025-07-09 22:18:39,890 - client - INFO - Received packet bytearray(b'\xa1\x01\x00\x9c\x00\xb1\x00Y\x00\x80\x01\x00\x00\x00\x00\xc9')
2025-07-09 22:18:39,891 - client - INFO - Received packet bytearray(b'\xa1\x02(\xc7)\xc7(\xdc\x00\xeb\x01\x00\x00\x00\x00r')
2025-07-09 22:18:39,892 - client - INFO - Received packet bytearray(b'\xa1\x03\x1a\x01\x00\x0f\x0e\x07\x00\x00\x00\x00\x00\x00\x00\xe3')
2025-07-09 22:18:39,892 - client - ERROR - SpO2(current=156, max=177, min=89, diff=128)
2025-07-09 22:18:39,893 - client - ERROR - PPG(current=10439, max=10695, min=10460, diff=235)
2025-07-09 22:18:39,893 - client - ERROR - Accelerometer(x=-1817, y=-2031, z=15)
2025-07-09 22:18:40,265 - client - INFO - Received packet bytearray(b'\xa1\x01\x00\x9c\x00\xb1\x00Y\x00\x80\x01\x00\x00\x00\x00\xc9')
2025-07-09 22:18:40,266 - client - ERROR - SpO2(current=156, max=177, min=89, diff=128)
2025-07-09 22:18:40,515 - client - INFO - Received packet bytearray(b'\xa1\x02(\xca)\xc7(\xdc\x00\xeb\x01\x00\x00\x00\x00u')
2025-07-09 22:18:40,516 - client - INFO - Received packet bytearray(b'\xa1\x03\x19\n\x00\r\x0e\x0f\x00\x00\x00\x00\x00\x00\x00\xf1')
2025-07-09 22:18:40,516 - client - INFO - Received packet bytearray(b'\xa1\x01\x00\x9c\x00\xb1\x00Y\x00\x80\x01\x00\x00\x00\x00\xc9')
2025-07-09 22:18:40,517 - client - ERROR - PPG(current=10442, max=10695, min=10460, diff=235)
2025-07-09 22:18:40,517 - client - ERROR - Accelerometer(x=-1809, y=-1878, z=13)
2025-07-09 22:18:40,517 - client - ERROR - SpO2(current=156, max=177, min=89, diff=128)
2025-07-09 22:18:40,640 - client - INFO - Received packet bytearray(b'\xa1\x02(\xcc)\xc7(\xdc\x00\xeb\x01\x00\x00\x00\x00w')
2025-07-09 22:18:40,641 - client - INFO - Received packet bytearray(b'\xa1\x03\x17\x0b\x01\x05\x0e\x00\x00\x00\x00\x00\x00\x00\x00\xda')
2025-07-09 22:18:40,642 - client - ERROR - PPG(current=10444, max=10695, min=10460, diff=235)
2025-07-09 22:18:40,643 - client - ERROR - Accelerometer(x=-1824, y=379, z=21)
2025-07-09 22:18:40,765 - client - INFO - Received packet bytearray(b'\xa1\x01\x00\x9c\x00\xb1\x00Y\x00\x80\x01\x00\x00\x00\x00\xc9')
2025-07-09 22:18:40,766 - client - ERROR - SpO2(current=156, max=177, min=89, diff=128)
2025-07-09 22:18:40,890 - client - INFO - Received packet bytearray(b'\xa1\x02(\xd2)\xc7(\xdc\x00\xeb\x01\x00\x00\x00\x00}')
2025-07-09 22:18:40,891 - client - INFO - Received packet bytearray(b'\xa1\x03\x1a\x07\x00\x0f\x0e\x0e\x00\x00\x00\x00\x00\x00\x00\xf0')
2025-07-09 22:18:40,892 - client - INFO - Received packet bytearray(b'\xa1\x01\x00\x9c\x00\xb1\x00Y\x00\x80\x01\x00\x00\x00\x00\xc9')
2025-07-09 22:18:40,892 - client - INFO - Received packet bytearray(b'\xa1\x02(\xd0)\xc7(\xdc\x00\xeb\x01\x00\x00\x00\x00{')
2025-07-09 22:18:40,893 - client - INFO - Received packet bytearray(b'\xa1\x03\x18\x0e\x01\x05\x0f\x06\x00\x00\x00\x00\x00\x00\x00\xe5')
2025-07-09 22:18:40,893 - client - ERROR - PPG(current=10450, max=10695, min=10460, diff=235)
2025-07-09 22:18:41,140 - client - INFO - Received packet bytearray(b'\xa1\x01\x00\x9c\x00\xb1\x00Y\x00\x80\x01\x00\x00\x00\x00\xc9')
2025-07-09 22:18:41,142 - client - INFO - Received packet bytearray(b'\xa1\x02(\xce)\xc7(\xdc\x00\xeb\x01\x00\x00\x00\x00y')
2025-07-09 22:18:41,142 - client - INFO - Received packet bytearray(b'\xa1\x03\x18\t\x01\x07\x0f\n\x00\x00\x00\x00\x00\x00\x00\xe6')
2025-07-09 22:18:41,389 - client - INFO - Received packet bytearray(b'\x03b\x00\x00\x00\x00\x00\x00\x00\x00\x00\x00\x00\x00\x00e')
2025-07-09 22:18:41,391 - __main__ - ERROR - Failed to get battery status: 'BatteryInfo' object has no attribute 'level'
2025-07-09 22:18:41,391 - __main__ - INFO - Getting heart rate log for today...
2025-07-09 22:18:41,765 - client - INFO - Received packet bytearray(b'\x15\xff\x00\x00\x00\x00\x00\x00\x00\x00\x00\x00\x00\x00\x00\x14')
2025-07-09 22:18:41,766 - hr - INFO - error response from heart rate log request
2025-07-09 22:18:41,767 - __main__ - INFO - No heart rate log data for today
2025-07-09 22:18:41,768 - __main__ - INFO - Getting steps data for today...
2025-07-09 22:18:42,015 - client - INFO - Received packet bytearray(b'C\xf0\x01\x01\x00\x00\x00\x00\x00\x00\x00\x00\x00\x00\x005')
2025-07-09 22:18:42,016 - client - INFO - Received packet bytearray(b'C\x99\x10\x06X\x00\x01?\x03\xab\x00r\x00\x00\x00\xaa')
2025-07-09 22:18:42,017 - __main__ - INFO - Steps: 1 activities, total steps: 171
2025-07-09 22:19:12,027 - __main__ - INFO - --- Starting monitoring cycle ---
2025-07-09 22:19:12,028 - __main__ - INFO - Measuring real-time heart rate...
2025-07-09 22:19:12,515 - client - INFO - Received packet bytearray(b'i\x01\x00\x00\x00\x00\x00\x00\x00\x00\x00\x00\x00\x00\x00j')
2025-07-09 22:19:37,703 - client - INFO - Received packet bytearray(b'i\x01\x00[\x00\x00\x00\x00\x00\x00\x00\x00\x00\x00\x00\xc5')
2025-07-09 22:19:38,265 - client - INFO - Received packet bytearray(b'i\x01\x00[\x00\x00\x00\x00\x00\x00\x00\x00\x00\x00\x00\xc5')
2025-07-09 22:19:38,765 - client - INFO - Received packet bytearray(b'i\x01\x00[\x00\x00\x00\x00\x00\x00\x00\x00\x00\x00\x00\xc5')
2025-07-09 22:19:39,265 - client - INFO - Received packet bytearray(b'i\x01\x00[\x00\x00\x00\x00\x00\x00\x00\x00\x00\x00\x00\xc5')
2025-07-09 22:19:39,641 - client - INFO - Received packet bytearray(b'i\x01\x00[\x00\x00\x00\x00\x00\x00\x00\x00\x00\x00\x00\xc5')
2025-07-09 22:19:40,140 - client - INFO - Received packet bytearray(b'i\x01\x00[\x00\x00\x00\x00\x00\x00\x00\x00\x00\x00\x00\xc5')
2025-07-09 22:19:40,143 - __main__ - INFO - Real-time HR readings: [91, 91, 91, 91, 91, 91] (avg: 91.0 bpm)
2025-07-09 22:19:40,143 - __main__ - INFO - Getting firehose data...
2025-07-09 22:19:40,145 - client - ERROR - Accelerometer(x=-1810, y=-1929, z=15)
2025-07-09 22:19:40,145 - client - ERROR - SpO2(current=156, max=177, min=89, diff=128)
2025-07-09 22:19:40,146 - client - ERROR - PPG(current=10448, max=10695, min=10460, diff=235)
2025-07-09 22:19:40,146 - client - ERROR - Accelerometer(x=-1802, y=-1810, z=21)
2025-07-09 22:19:40,146 - client - ERROR - SpO2(current=156, max=177, min=89, diff=128)
2025-07-09 22:19:40,147 - client - ERROR - PPG(current=10446, max=10695, min=10460, diff=235)
2025-07-09 22:19:40,147 - client - ERROR - Accelerometer(x=-1798, y=-1895, z=23)
2025-07-09 22:19:40,640 - client - INFO - Received packet bytearray(b'j\x01\x00\x00\x00\x00\x00\x00\x00\x00\x00\x00\x00\x00\x00k')
2025-07-09 22:19:40,642 - client - INFO - Received packet bytearray(b'\xa1\x01\x00\x9c\x00\xb1\x00Y\x00\x80\x01\x00\x00\x00\x00\xc9')
2025-07-09 22:19:40,642 - client - INFO - Received packet bytearray(b'\xa1\x02(\xce)\xc7(\xdc\x00\xeb\x01\x00\x00\x00\x00y')
2025-07-09 22:19:40,642 - client - INFO - Received packet bytearray(b'\xa1\x03\x16\x0c\xfd\x08\x12\x00\x00\x00\x00\x00\x00\x00\x00\xdd')
2025-07-09 22:19:40,643 - client - INFO - Received packet bytearray(b'\xa1\x01\x00\x9c\x00\xb1\x00Y\x00\x80\x01\x00\x00\x00\x00\xc9')
2025-07-09 22:19:40,643 - client - INFO - Received packet bytearray(b'\xa1\x02(\xc9)\xc7(\xdc\x00\xeb\x01\x00\x00\x00\x00t')
2025-07-09 22:19:40,644 - client - INFO - Received packet bytearray(b'\xa1\x03\x16\x0c\xfd\x08\x12\x00\x00\x00\x00\x00\x00\x00\x00\xdd')
2025-07-09 22:19:40,644 - client - ERROR - SpO2(current=156, max=177, min=89, diff=128)
2025-07-09 22:19:40,644 - client - ERROR - PPG(current=10446, max=10695, min=10460, diff=235)
2025-07-09 22:19:40,645 - client - ERROR - Accelerometer(x=288, y=364, z=2008)
2025-07-09 22:19:40,645 - client - ERROR - SpO2(current=156, max=177, min=89, diff=128)
2025-07-09 22:19:40,645 - client - ERROR - PPG(current=10441, max=10695, min=10460, diff=235)
2025-07-09 22:19:40,645 - client - ERROR - Accelerometer(x=288, y=364, z=2008)
2025-07-09 22:19:40,765 - client - INFO - Received packet bytearray(b'\xa1\x01\x00\x9c\x00\xb1\x00Y\x00\x80\x01\x00\x00\x00\x00\xc9')
2025-07-09 22:19:40,766 - client - INFO - Received packet bytearray(b'\xa1\x02(\xc9)\xc7(\xdc\x00\xeb\x01\x00\x00\x00\x00t')
2025-07-09 22:19:40,767 - client - ERROR - SpO2(current=156, max=177, min=89, diff=128)
2025-07-09 22:19:40,767 - client - ERROR - PPG(current=10441, max=10695, min=10460, diff=235)
2025-07-09 22:19:41,015 - client - INFO - Received packet bytearray(b'\xa1\x03\x16\x0c\xfd\x08\x12\x00\x00\x00\x00\x00\x00\x00\x00\xdd')
2025-07-09 22:19:41,016 - client - ERROR - Accelerometer(x=288, y=364, z=2008)
2025-07-09 22:19:41,265 - client - INFO - Received packet bytearray(b'\xa1\x01\x00\x9c\x00\xb1\x00Y\x00\x80\x01\x00\x00\x00\x00\xc9')
2025-07-09 22:19:41,266 - client - INFO - Received packet bytearray(b'\xa1\x02(\xc9)\xc7(\xdc\x00\xeb\x01\x00\x00\x00\x00t')
2025-07-09 22:19:41,267 - client - INFO - Received packet bytearray(b'\xa1\x03\x16\x0c\xfd\x08\x12\x00\x00\x00\x00\x00\x00\x00\x00\xdd')
2025-07-09 22:19:41,267 - client - INFO - Received packet bytearray(b'\xa1\x01\x00\x9c\x00\xb1\x00Y\x00\x80\x01\x00\x00\x00\x00\xc9')
2025-07-09 22:19:41,267 - client - INFO - Received packet bytearray(b'\xa1\x02(\xca)\xc7(\xdc\x00\xeb\x01\x00\x00\x00\x00u')
2025-07-09 22:19:41,268 - client - ERROR - SpO2(current=156, max=177, min=89, diff=128)
2025-07-09 22:19:41,268 - client - INFO - Received packet bytearray(b'\xa1\x03\x16\x0c\xfd\x08\x12\x00\x00\x00\x00\x00\x00\x00\x00\xdd')
2025-07-09 22:19:41,269 - client - ERROR - PPG(current=10441, max=10695, min=10460, diff=235)
2025-07-09 22:19:41,269 - client - ERROR - Accelerometer(x=288, y=364, z=2008)
2025-07-09 22:19:41,269 - client - ERROR - SpO2(current=156, max=177, min=89, diff=128)
2025-07-09 22:19:42,140 - client - INFO - Received packet bytearray(b'\x03b\x00\x00\x00\x00\x00\x00\x00\x00\x00\x00\x00\x00\x00e')
2025-07-09 22:19:42,141 - __main__ - ERROR - Failed to get battery status: 'BatteryInfo' object has no attribute 'level'
2025-07-09 22:19:42,142 - __main__ - INFO - Getting heart rate log for today...
2025-07-09 22:19:42,390 - client - INFO - Received packet bytearray(b'\x15\xff\x00\x00\x00\x00\x00\x00\x00\x00\x00\x00\x00\x00\x00\x14')
2025-07-09 22:19:42,391 - hr - INFO - error response from heart rate log request
2025-07-09 22:19:42,392 - __main__ - INFO - No heart rate log data for today
2025-07-09 22:19:42,392 - __main__ - INFO - Getting steps data for today...
2025-07-09 22:19:42,891 - client - INFO - Received packet bytearray(b'C\xf0\x01\x01\x00\x00\x00\x00\x00\x00\x00\x00\x00\x00\x005')
2025-07-09 22:19:42,891 - client - INFO - Received packet bytearray(b'C\x99\x10\x06X\x00\x01?\x03\xab\x00r\x00\x00\x00\xaa')
2025-07-09 22:19:42,892 - __main__ - INFO - Steps: 1 activities, total steps: 171
2025-07-09 22:20:12,895 - __main__ - INFO - --- Starting monitoring cycle ---
2025-07-09 22:20:12,895 - __main__ - INFO - Measuring real-time heart rate...
2025-07-09 22:20:14,016 - client - INFO - Received packet bytearray(b'i\x01\x00\x00\x00\x00\x00\x00\x00\x00\x00\x00\x00\x00\x00j')
2025-07-09 22:20:39,328 - client - INFO - Received packet bytearray(b'i\x01\x00J\x00\x00\x00\x00\x00\x00\x00\x00\x00\x00\x00\xb4')
2025-07-09 22:20:39,890 - client - INFO - Received packet bytearray(b'i\x01\x00J\x00\x00\x00\x00\x00\x00\x00\x00\x00\x00\x00\xb4')
2025-07-09 22:20:40,265 - client - INFO - Received packet bytearray(b'i\x01\x00J\x00\x00\x00\x00\x00\x00\x00\x00\x00\x00\x00\xb4')
2025-07-09 22:20:40,891 - client - INFO - Received packet bytearray(b'i\x01\x00J\x00\x00\x00\x00\x00\x00\x00\x00\x00\x00\x00\xb4')
2025-07-09 22:20:41,266 - client - INFO - Received packet bytearray(b'i\x01\x00K\x00\x00\x00\x00\x00\x00\x00\x00\x00\x00\x00\xb5')
2025-07-09 22:20:42,515 - client - INFO - Received packet bytearray(b'i\x01\x00K\x00\x00\x00\x00\x00\x00\x00\x00\x00\x00\x00\xb5')
2025-07-09 22:20:42,516 - client - INFO - Received packet bytearray(b'i\x01\x00K\x00\x00\x00\x00\x00\x00\x00\x00\x00\x00\x00\xb5')
2025-07-09 22:20:42,518 - __main__ - INFO - Real-time HR readings: [74, 74, 74, 74, 75, 75] (avg: 74.3 bpm)
2025-07-09 22:20:42,518 - __main__ - INFO - Getting firehose data...
2025-07-09 22:20:42,520 - client - ERROR - PPG(current=10442, max=10695, min=10460, diff=235)
2025-07-09 22:20:42,520 - client - ERROR - Accelerometer(x=288, y=364, z=2008)
2025-07-09 22:20:43,015 - client - INFO - Received packet bytearray(b'i\x01\x00K\x00\x00\x00\x00\x00\x00\x00\x00\x00\x00\x00\xb5')
2025-07-09 22:20:43,016 - client - INFO - Received packet bytearray(b'j\x01\x00\x00\x00\x00\x00\x00\x00\x00\x00\x00\x00\x00\x00k')
2025-07-09 22:20:43,266 - client - INFO - Received packet bytearray(b'\xa1\x01\x00\x9c\x00\xb1\x00Y\x00\x80\x01\x00\x00\x00\x00\xc9')
2025-07-09 22:20:43,266 - client - INFO - Received packet bytearray(b'\xa1\x02(\xc4)\xc7(\xdc\x00\xeb\x01\x00\x00\x00\x00o')
2025-07-09 22:20:43,267 - client - ERROR - SpO2(current=156, max=177, min=89, diff=128)
2025-07-09 22:20:43,267 - client - ERROR - PPG(current=10436, max=10695, min=10460, diff=235)
2025-07-09 22:20:43,516 - client - INFO - Received packet bytearray(b'\xa1\x03\x16\x00\xfd\x0c\x13\x03\x00\x00\x00\x00\x00\x00\x00\xd9')
2025-07-09 22:20:43,518 - client - INFO - Received packet bytearray(b'\xa1\x01\x00\x9e\x00\xb1\x00Y\x00\x80\x01\x00\x00\x00\x00\xcb')
2025-07-09 22:20:43,518 - client - INFO - Received packet bytearray(b'\xa1\x02(\xb8)\xc7(\xdc\x00\xeb\x01\x00\x00\x00\x00c')
2025-07-09 22:20:43,519 - client - ERROR - Accelerometer(x=307, y=352, z=2012)
2025-07-09 22:20:43,519 - client - ERROR - SpO2(current=158, max=177, min=89, diff=128)
2025-07-09 22:20:43,520 - client - ERROR - PPG(current=10424, max=10695, min=10460, diff=235)
2025-07-09 22:20:43,641 - client - INFO - Received packet bytearray(b'\xa1\x03\x16\x00\xfd\x0c\x13\x03\x00\x00\x00\x00\x00\x00\x00\xd9')
2025-07-09 22:20:43,642 - client - INFO - Received packet bytearray(b'\xa1\x01\x00\x9e\x00\xb1\x00Y\x00\x80\x01\x00\x00\x00\x00\xcb')
2025-07-09 22:20:43,642 - client - INFO - Received packet bytearray(b'\xa1\x02(\xba)\xc7(\xdc\x00\xeb\x01\x00\x00\x00\x00e')
2025-07-09 22:20:43,643 - client - INFO - Received packet bytearray(b'\xa1\x03\x16\x00\xfd\x0c\x13\x03\x00\x00\x00\x00\x00\x00\x00\xd9')
2025-07-09 22:20:43,643 - client - ERROR - Accelerometer(x=307, y=352, z=2012)
2025-07-09 22:20:43,644 - client - ERROR - SpO2(current=158, max=177, min=89, diff=128)
2025-07-09 22:20:43,644 - client - ERROR - PPG(current=10426, max=10695, min=10460, diff=235)
2025-07-09 22:20:43,644 - client - ERROR - Accelerometer(x=307, y=352, z=2012)
2025-07-09 22:20:43,766 - client - INFO - Received packet bytearray(b'\xa1\x01\x00\x9e\x00\xb1\x00Y\x00\x80\x01\x00\x00\x00\x00\xcb')
2025-07-09 22:20:43,767 - client - INFO - Received packet bytearray(b'\xa1\x02(\xba)\xc7(\xdc\x00\xeb\x01\x00\x00\x00\x00e')
2025-07-09 22:20:43,767 - client - ERROR - SpO2(current=158, max=177, min=89, diff=128)
2025-07-09 22:20:43,768 - client - ERROR - PPG(current=10426, max=10695, min=10460, diff=235)
2025-07-09 22:20:43,890 - client - INFO - Received packet bytearray(b'\xa1\x03\x16\x00\xfd\x0c\x13\x03\x00\x00\x00\x00\x00\x00\x00\xd9')
2025-07-09 22:20:43,891 - client - ERROR - Accelerometer(x=307, y=352, z=2012)
2025-07-09 22:20:44,516 - client - INFO - Received packet bytearray(b'\xa1\x01\x00\x9e\x00\xb1\x00Y\x00\x80\x01\x00\x00\x00\x00\xcb')
2025-07-09 22:20:44,516 - client - INFO - Received packet bytearray(b'\xa1\x02(\xbe)\xc7(\xdc\x00\xeb\x01\x00\x00\x00\x00i')
2025-07-09 22:20:44,517 - client - INFO - Received packet bytearray(b'\xa1\x03\x16\x00\xfd\x0c\x13\x03\x00\x00\x00\x00\x00\x00\x00\xd9')
2025-07-09 22:20:44,518 - client - ERROR - SpO2(current=158, max=177, min=89, diff=128)
2025-07-09 22:20:44,518 - client - ERROR - PPG(current=10430, max=10695, min=10460, diff=235)
2025-07-09 22:20:44,519 - client - ERROR - Accelerometer(x=307, y=352, z=2012)
2025-07-09 22:20:44,640 - client - INFO - Received packet bytearray(b'\xa1\x01\x00\x9e\x00\xb1\x00Y\x00\x80\x01\x00\x00\x00\x00\xcb')
2025-07-09 22:20:44,641 - client - INFO - Received packet bytearray(b'\xa1\x02(\xbe)\xc7(\xdc\x00\xeb\x01\x00\x00\x00\x00i')
2025-07-09 22:20:44,641 - client - INFO - Received packet bytearray(b'\xa1\x03\x16\x00\xfd\x0c\x13\x03\x00\x00\x00\x00\x00\x00\x00\xd9')
2025-07-09 22:20:44,642 - client - INFO - Received packet bytearray(b'\xa1\x01\x00\x9e\x00\xb1\x00Y\x00\x80\x01\x00\x00\x00\x00\xcb')
2025-07-09 22:20:44,642 - client - ERROR - SpO2(current=158, max=177, min=89, diff=128)
2025-07-09 22:20:44,643 - client - INFO - Received packet bytearray(b'\xa1\x02(\xbd)\xc7(\xdc\x00\xeb\x01\x00\x00\x00\x00h')
2025-07-09 22:20:44,643 - client - INFO - Received packet bytearray(b'\xa1\x03\x16\x00\xfd\x0c\x13\x03\x00\x00\x00\x00\x00\x00\x00\xd9')
2025-07-09 22:20:44,643 - client - ERROR - PPG(current=10430, max=10695, min=10460, diff=235)
2025-07-09 22:20:44,644 - client - ERROR - Accelerometer(x=307, y=352, z=2012)
2025-07-09 22:20:44,766 - client - INFO - Received packet bytearray(b'\xa1\x01\x00\x9e\x00\xb1\x00Y\x00\x80\x01\x00\x00\x00\x00\xcb')
2025-07-09 22:20:44,767 - client - INFO - Received packet bytearray(b'\xa1\x02(\xba)\xc7(\xdc\x00\xeb\x01\x00\x00\x00\x00e')
2025-07-09 22:20:44,891 - client - INFO - Received packet bytearray(b'\xa1\x03\x16\x00\xfd\x0c\x13\x03\x00\x00\x00\x00\x00\x00\x00\xd9')
2025-07-09 22:20:44,892 - client - INFO - Received packet bytearray(b'\x03b\x00\x00\x00\x00\x00\x00\x00\x00\x00\x00\x00\x00\x00e')
2025-07-09 22:20:44,892 - __main__ - ERROR - Failed to get battery status: 'BatteryInfo' object has no attribute 'level'
2025-07-09 22:20:44,893 - __main__ - INFO - Getting heart rate log for today...
2025-07-09 22:20:45,266 - client - INFO - Received packet bytearray(b'\x15\xff\x00\x00\x00\x00\x00\x00\x00\x00\x00\x00\x00\x00\x00\x14')
2025-07-09 22:20:45,266 - hr - INFO - error response from heart rate log request
2025-07-09 22:20:45,267 - __main__ - INFO - No heart rate log data for today
2025-07-09 22:20:45,268 - __main__ - INFO - Getting steps data for today...
2025-07-09 22:20:45,516 - client - INFO - Received packet bytearray(b'C\xf0\x01\x01\x00\x00\x00\x00\x00\x00\x00\x00\x00\x00\x005')
2025-07-09 22:20:45,518 - client - INFO - Received packet bytearray(b'C\x99\x10\x06X\x00\x01?\x03\xab\x00r\x00\x00\x00\xaa')
2025-07-09 22:20:45,518 - __main__ - INFO - Steps: 1 activities, total steps: 171
2025-07-09 22:21:15,522 - __main__ - INFO - --- Starting monitoring cycle ---
2025-07-09 22:21:15,522 - __main__ - INFO - Measuring real-time heart rate...
2025-07-09 22:21:15,891 - client - INFO - Received packet bytearray(b'i\x01\x00\x00\x00\x00\x00\x00\x00\x00\x00\x00\x00\x00\x00j')
2025-07-09 22:21:31,869 - __main__ - INFO - Starting ring monitor for device: 1A:8E:08:AC:1E:97
2025-07-09 22:21:31,904 - client - INFO - Connecting to 1A:8E:08:AC:1E:97
2025-07-09 22:21:36,862 - client - INFO - Connected!
2025-07-09 22:21:37,102 - __main__ - INFO - Device info: {'hw_version': 'R02_V3.0', 'fw_version': 'R02_3.00.06_240523'}
2025-07-09 22:21:37,222 - client - INFO - Received packet bytearray(b'\x03b\x00\x00\x00\x00\x00\x00\x00\x00\x00\x00\x00\x00\x00e')
2025-07-09 22:21:37,223 - __main__ - ERROR - Failed to get battery status: 'BatteryInfo' object has no attribute 'level'
2025-07-09 22:21:37,340 - client - INFO - Received packet bytearray(b'\x16\x01\x02\x1e\x00\x00\x00\x00\x00\x00\x00\x00\x00\x00\x007')
2025-07-09 22:21:37,341 - __main__ - INFO - HR logging settings: enabled=False, interval=30min
2025-07-09 22:21:37,342 - __main__ - INFO - Starting monitoring loop (interval: 30s)
2025-07-09 22:21:37,342 - __main__ - INFO - --- Starting monitoring cycle ---
2025-07-09 22:21:37,342 - __main__ - INFO - Measuring real-time heart rate...
2025-07-09 22:21:37,461 - client - INFO - Received packet bytearray(b'i\x01\x00\x00\x00\x00\x00\x00\x00\x00\x00\x00\x00\x00\x00j')
2025-07-09 22:22:02,963 - client - INFO - Received packet bytearray(b'i\x01\x00M\x00\x00\x00\x00\x00\x00\x00\x00\x00\x00\x00\xb7')
2025-07-09 22:22:03,527 - client - INFO - Received packet bytearray(b'i\x01\x00M\x00\x00\x00\x00\x00\x00\x00\x00\x00\x00\x00\xb7')
2025-07-09 22:22:03,901 - client - INFO - Received packet bytearray(b'i\x01\x00M\x00\x00\x00\x00\x00\x00\x00\x00\x00\x00\x00\xb7')
2025-07-09 22:22:04,526 - client - INFO - Received packet bytearray(b'i\x01\x00M\x00\x00\x00\x00\x00\x00\x00\x00\x00\x00\x00\xb7')
2025-07-09 22:22:05,276 - client - INFO - Received packet bytearray(b'i\x01\x00M\x00\x00\x00\x00\x00\x00\x00\x00\x00\x00\x00\xb7')
2025-07-09 22:22:05,525 - client - INFO - Received packet bytearray(b'i\x01\x00M\x00\x00\x00\x00\x00\x00\x00\x00\x00\x00\x00\xb7')
2025-07-09 22:22:05,527 - __main__ - INFO - Real-time HR readings: [77, 77, 77, 77, 77, 77] (avg: 77.0 bpm)
2025-07-09 22:22:05,528 - __main__ - INFO - Getting firehose data...
2025-07-09 22:22:05,775 - client - INFO - Received packet bytearray(b'j\x01\x00\x00\x00\x00\x00\x00\x00\x00\x00\x00\x00\x00\x00k')
2025-07-09 22:22:05,777 - client - INFO - Received packet bytearray(b'\xa1\x01\x00\x9e\x00\xb1\x00Y\x00\x80\x01\x00\x00\x00\x00\xcb')
2025-07-09 22:22:05,777 - client - INFO - Received packet bytearray(b'\xa1\x02(\xba)\xc7(\xdc\x00\xeb\x01\x00\x00\x00\x00e')
2025-07-09 22:22:05,778 - client - INFO - Received packet bytearray(b'\xa1\x03\x1b\x03\x00\x06\x0e\x08\x00\x00\x00\x00\x00\x00\x00\xde')
2025-07-09 22:22:05,778 - client - ERROR - SpO2(current=158, max=177, min=89, diff=128)
2025-07-09 22:22:05,779 - client - ERROR - PPG(current=10426, max=10695, min=10460, diff=235)
2025-07-09 22:22:05,779 - client - ERROR - Accelerometer(x=-1816, y=-1997, z=6)
2025-07-09 22:22:06,026 - client - INFO - Received packet bytearray(b'\xa1\x01\x00\x9f\x00\xb1\x00Y\x00\x80\x01\x00\x00\x00\x00\xcc')
2025-07-09 22:22:06,027 - client - INFO - Received packet bytearray(b'\xa1\x02(\xce)\xc7(\xdc\x00\xeb\x01\x00\x00\x00\x00y')
2025-07-09 22:22:06,027 - client - ERROR - SpO2(current=159, max=177, min=89, diff=128)
2025-07-09 22:22:06,028 - client - ERROR - PPG(current=10446, max=10695, min=10460, diff=235)
2025-07-09 22:22:06,150 - client - INFO - Received packet bytearray(b'\xa1\x03\x18\x06\xff\t\x0e\r\x00\x00\x00\x00\x00\x00\x00\xe5')
2025-07-09 22:22:06,151 - client - ERROR - Accelerometer(x=-1811, y=-1946, z=2041)
2025-07-09 22:22:06,276 - client - INFO - Received packet bytearray(b'\xa1\x01\x00\x9f\x00\xb1\x00Y\x00\x80\x01\x00\x00\x00\x00\xcc')
2025-07-09 22:22:06,277 - client - INFO - Received packet bytearray(b'\xa1\x02(\xcb)\xc7(\xdc\x00\xeb\x01\x00\x00\x00\x00v')
2025-07-09 22:22:06,278 - client - INFO - Received packet bytearray(b'\xa1\x03\x18\x04\xff\t\x0f\t\x00\x00\x00\x00\x00\x00\x00\xe0')
2025-07-09 22:22:06,278 - client - ERROR - SpO2(current=159, max=177, min=89, diff=128)
2025-07-09 22:22:06,278 - client - ERROR - PPG(current=10443, max=10695, min=10460, diff=235)
2025-07-09 22:22:06,279 - client - ERROR - Accelerometer(x=-1799, y=-1980, z=2041)
2025-07-09 22:22:06,526 - client - INFO - Received packet bytearray(b'\xa1\x01\x00\x9f\x00\xb1\x00Y\x00\x80\x01\x00\x00\x00\x00\xcc')
2025-07-09 22:22:06,527 - client - INFO - Received packet bytearray(b'\xa1\x02(\xca)\xc7(\xdc\x00\xeb\x01\x00\x00\x00\x00u')
2025-07-09 22:22:06,527 - client - INFO - Received packet bytearray(b'\xa1\x03\x18\x03\xff\x03\x10\x06\x00\x00\x00\x00\x00\x00\x00\xd7')
2025-07-09 22:22:06,528 - client - ERROR - SpO2(current=159, max=177, min=89, diff=128)
2025-07-09 22:22:06,528 - client - ERROR - PPG(current=10442, max=10695, min=10460, diff=235)
2025-07-09 22:22:06,528 - client - ERROR - Accelerometer(x=262, y=-1997, z=2035)
2025-07-09 22:22:06,901 - client - INFO - Received packet bytearray(b'\xa1\x01\x00\x9f\x00\xb1\x00Y\x00\x80\x01\x00\x00\x00\x00\xcc')
2025-07-09 22:22:06,902 - client - INFO - Received packet bytearray(b'\xa1\x02(\xc7)\xc7(\xdc\x00\xeb\x01\x00\x00\x00\x00r')
2025-07-09 22:22:06,902 - client - INFO - Received packet bytearray(b'\xa1\x03\x18\x04\xff\x04\x10\x07\x00\x00\x00\x00\x00\x00\x00\xda')
2025-07-09 22:22:06,903 - client - ERROR - SpO2(current=159, max=177, min=89, diff=128)
2025-07-09 22:22:06,903 - client - ERROR - PPG(current=10439, max=10695, min=10460, diff=235)
2025-07-09 22:22:06,903 - client - ERROR - Accelerometer(x=263, y=-1980, z=2036)
2025-07-09 22:22:07,526 - client - INFO - Received packet bytearray(b'\xa1\x01\x00\x9f\x00\xb1\x00Y\x00\x80\x01\x00\x00\x00\x00\xcc')
2025-07-09 22:22:07,527 - client - ERROR - SpO2(current=159, max=177, min=89, diff=128)
2025-07-09 22:22:07,776 - client - INFO - Received packet bytearray(b'\xa1\x02(\xc9)\xc7(\xdc\x00\xeb\x01\x00\x00\x00\x00t')
2025-07-09 22:22:07,777 - client - ERROR - PPG(current=10441, max=10695, min=10460, diff=235)
2025-07-09 22:22:07,901 - client - INFO - Received packet bytearray(b'\xa1\x03\x18\x0c\xff\x01\x0e\x0b\x00\x00\x00\x00\x00\x00\x00\xe1')
2025-07-09 22:22:07,902 - client - INFO - Received packet bytearray(b'\xa1\x01\x00\x9f\x00\xb1\x00Y\x00\x80\x01\x00\x00\x00\x00\xcc')
2025-07-09 22:22:07,903 - client - INFO - Received packet bytearray(b'\xa1\x02(\xc2)\xc7(\xdc\x00\xeb\x01\x00\x00\x00\x00m')
2025-07-09 22:22:07,903 - client - ERROR - Accelerometer(x=-1813, y=-1844, z=2033)
2025-07-09 22:22:07,904 - client - ERROR - SpO2(current=159, max=177, min=89, diff=128)
2025-07-09 22:22:07,904 - client - ERROR - PPG(current=10434, max=10695, min=10460, diff=235)
2025-07-09 22:22:09,651 - client - INFO - Received packet bytearray(b'\xa1\x03\x18\x03\xfe\x08\x0e\x04\x00\x00\x00\x00\x00\x00\x00\xd7')
2025-07-09 22:22:09,776 - client - INFO - Received packet bytearray(b'\xa1\x01\x00\x9f\x00\xb1\x00Y\x00\x80\x01\x00\x00\x00\x00\xcc')
2025-07-09 22:22:09,778 - client - INFO - Received packet bytearray(b'\xa1\x02(\xc0)\xc7(\xdc\x00\xeb\x01\x00\x00\x00\x00k')
2025-07-09 22:22:10,151 - client - INFO - Received packet bytearray(b'\xa1\x03\x19\x00\x00\x00\x0f\x0c\x00\x00\x00\x00\x00\x00\x00\xd8')
2025-07-09 22:22:10,151 - client - INFO - Received packet bytearray(b'\xa1\x01\x00\x9f\x00\xb1\x00Y\x00\x80\x01\x00\x00\x00\x00\xcc')
2025-07-09 22:22:10,152 - client - INFO - Received packet bytearray(b'\xa1\x02(\xbe)\xc7(\xdc\x00\xeb\x01\x00\x00\x00\x00i')
2025-07-09 22:22:10,650 - client - INFO - Received packet bytearray(b'\xa1\x03\x17\x0c\xfe\x00\x0e\x03\x00\x00\x00\x00\x00\x00\x00\xd6')
2025-07-09 22:22:10,651 - client - INFO - Received packet bytearray(b'\xa1\x01\x00\x9f\x00\xb1\x00Y\x00\x80\x01\x00\x00\x00\x00\xcc')
2025-07-09 22:22:10,652 - client - INFO - Received packet bytearray(b'\xa1\x02(\xbc)\xc7(\xdc\x00\xeb\x01\x00\x00\x00\x00g')
2025-07-09 22:22:10,653 - client - INFO - Received packet bytearray(b'\xa1\x03\x18\x0b\xff\x0c\x12\x00\x00\x00\x00\x00\x00\x00\x00\xe4')
2025-07-09 22:22:10,653 - client - INFO - Received packet bytearray(b'\xa1\x01\x00\x9f\x00\xb1\x00Y\x00\x80\x01\x00\x00\x00\x00\xcc')
2025-07-09 22:22:10,654 - client - INFO - Received packet bytearray(b'\xa1\x02(\xbe)\xc7(\xdc\x00\xeb\x01\x00\x00\x00\x00i')
2025-07-09 22:22:10,901 - client - INFO - Received packet bytearray(b'\xa1\x03\x18\x04\xfe\x0c\x10\x0c\x00\x00\x00\x00\x00\x00\x00\xe6')
2025-07-09 22:22:10,902 - client - INFO - Received packet bytearray(b'\xa1\x01\x00\x9f\x00\xb1\x00Y\x00\x80\x01\x00\x00\x00\x00\xcc')
2025-07-09 22:22:10,902 - client - INFO - Received packet bytearray(b'\xa1\x02(\xc2)\xc7(\xdc\x00\xeb\x01\x00\x00\x00\x00m')
2025-07-09 22:22:10,903 - client - INFO - Received packet bytearray(b'\xa1\x03\x18\x04\xff\x00\x10\x00\x00\x00\x00\x00\x00\x00\x00\xcf')
2025-07-09 22:22:10,903 - client - INFO - Received packet bytearray(b'\xa1\x01\x00\x9f\x00\xb1\x00Y\x00\x80\x01\x00\x00\x00\x00\xcc')
2025-07-09 22:22:11,026 - client - INFO - Received packet bytearray(b'\xa1\x02(\xbf)\xc7(\xdc\x00\xeb\x01\x00\x00\x00\x00j')
2025-07-09 22:22:11,027 - client - INFO - Received packet bytearray(b'\xa1\x03\x17\x01\xfd\x0c\x10\x04\x00\x00\x00\x00\x00\x00\x00\xd9')
2025-07-09 22:22:11,028 - client - INFO - Received packet bytearray(b'\xa1\x01\x00\x9f\x00\xb1\x00Y\x00\x80\x01\x00\x00\x00\x00\xcc')
2025-07-09 22:22:11,029 - client - INFO - Received packet bytearray(b'\xa1\x02(\xc0)\xc7(\xdc\x00\xeb\x01\x00\x00\x00\x00k')
2025-07-09 22:22:11,029 - client - INFO - Received packet bytearray(b'\xa1\x03\x17\x08\xfd\n\x10\x0f\x00\x00\x00\x00\x00\x00\x00\xe9')
2025-07-09 22:22:11,030 - client - INFO - Received packet bytearray(b'\xa1\x01\x00\x9f\x00\xb1\x00Y\x00\x80\x01\x00\x00\x00\x00\xcc')
2025-07-09 22:22:11,030 - client - INFO - Received packet bytearray(b'\xa1\x02(\xbf)\xc7(\xdc\x00\xeb\x01\x00\x00\x00\x00j')
2025-07-09 22:22:11,031 - client - INFO - Received packet bytearray(b'\xa1\x03\x18\x07\xfe\x07\x10\x00\x00\x00\x00\x00\x00\x00\x00\xd8')
2025-07-09 22:22:11,031 - client - INFO - Received packet bytearray(b'\xa1\x01\x00\x9f\x00\xb1\x00Y\x00\x80\x01\x00\x00\x00\x00\xcc')
2025-07-09 22:22:11,032 - client - INFO - Received packet bytearray(b'\xa1\x02(\xbd)\xc7(\xdc\x00\xeb\x01\x00\x00\x00\x00h')
2025-07-09 22:22:11,526 - client - INFO - Received packet bytearray(b'\xa1\x03\x18\x07\xff\x0c\x11\x00\x00\x00\x00\x00\x00\x00\x00\xdf')
2025-07-09 22:22:11,526 - client - INFO - Received packet bytearray(b'\xa1\x01\x00\x9f\x00\xb1\x00Y\x00\x80\x01\x00\x00\x00\x00\xcc')
2025-07-09 22:22:11,527 - client - INFO - Received packet bytearray(b'\xa1\x02(\xc0)\xc7(\xdc\x00\xeb\x01\x00\x00\x00\x00k')
2025-07-09 22:22:11,527 - client - INFO - Received packet bytearray(b'\xa1\x03\x17\x00\xfe\x0f\x10\x08\x00\x00\x00\x00\x00\x00\x00\xe0')
2025-07-09 22:22:11,528 - client - INFO - Received packet bytearray(b'\x03b\x00\x00\x00\x00\x00\x00\x00\x00\x00\x00\x00\x00\x00e')
2025-07-09 22:22:11,528 - __main__ - ERROR - Failed to get battery status: 'BatteryInfo' object has no attribute 'level'
2025-07-09 22:53:12,582 - __main__ - INFO - --- Starting monitoring cycle ---
2025-07-09 22:53:12,603 - __main__ - INFO - Measuring real-time heart rate...
2025-07-09 22:53:12,630 - __main__ - ERROR - Failed to measure real-time heart rate: Not connected
2025-07-09 22:53:12,647 - __main__ - INFO - Getting firehose data...
2025-07-09 22:53:12,657 - __main__ - ERROR - Failed to get firehose data: Not connected
2025-07-09 22:53:12,666 - __main__ - ERROR - Failed to get battery status: Not connected
2025-07-09 22:54:34,361 - __main__ - INFO - Starting ring monitor for device: 1A:8E:08:AC:1E:97
2025-07-09 22:54:34,394 - client - INFO - Connecting to 1A:8E:08:AC:1E:97
2025-07-09 22:54:41,774 - client - INFO - Connected!
2025-07-09 22:54:42,074 - __main__ - INFO - Device info: {'hw_version': 'R02_V3.0', 'fw_version': 'R02_3.00.06_240523'}
2025-07-09 22:54:42,194 - client - INFO - Received packet bytearray(b'\x03b\x00\x00\x00\x00\x00\x00\x00\x00\x00\x00\x00\x00\x00e')
2025-07-09 22:54:42,195 - __main__ - ERROR - Failed to get battery status: 'BatteryInfo' object has no attribute 'level'
2025-07-09 22:54:42,374 - client - INFO - Received packet bytearray(b'\x16\x01\x02\x1e\x00\x00\x00\x00\x00\x00\x00\x00\x00\x00\x007')
2025-07-09 22:54:42,375 - __main__ - INFO - HR logging settings: enabled=False, interval=30min
2025-07-09 22:54:42,375 - __main__ - INFO - Starting monitoring loop (interval: 30s)
2025-07-09 22:54:42,376 - __main__ - INFO - --- Starting monitoring cycle ---
2025-07-09 22:54:42,376 - __main__ - INFO - Measuring real-time heart rate...
2025-07-09 22:54:42,554 - client - INFO - Received packet bytearray(b'i\x01\x00\x00\x00\x00\x00\x00\x00\x00\x00\x00\x00\x00\x00j')
2025-07-09 22:55:07,931 - client - INFO - Received packet bytearray(b'i\x01\x00S\x00\x00\x00\x00\x00\x00\x00\x00\x00\x00\x00\xbd')
2025-07-09 22:55:08,369 - client - INFO - Received packet bytearray(b'i\x01\x00S\x00\x00\x00\x00\x00\x00\x00\x00\x00\x00\x00\xbd')
2025-07-09 22:55:08,869 - client - INFO - Received packet bytearray(b'i\x01\x00R\x00\x00\x00\x00\x00\x00\x00\x00\x00\x00\x00\xbc')
2025-07-09 22:55:09,243 - client - INFO - Received packet bytearray(b'i\x01\x00R\x00\x00\x00\x00\x00\x00\x00\x00\x00\x00\x00\xbc')
2025-07-09 22:55:09,745 - client - INFO - Received packet bytearray(b'i\x01\x00O\x00\x00\x00\x00\x00\x00\x00\x00\x00\x00\x00\xb9')
2025-07-09 22:55:10,369 - client - INFO - Received packet bytearray(b'i\x01\x00O\x00\x00\x00\x00\x00\x00\x00\x00\x00\x00\x00\xb9')
2025-07-09 22:55:10,371 - __main__ - INFO - Real-time HR readings: [83, 83, 82, 82, 79, 79] (avg: 81.3 bpm)
2025-07-09 22:55:10,372 - __main__ - INFO - Getting firehose data...
2025-07-09 22:55:10,869 - client - INFO - Received packet bytearray(b'j\x01\x00\x00\x00\x00\x00\x00\x00\x00\x00\x00\x00\x00\x00k')
2025-07-09 22:55:10,870 - client - INFO - Received packet bytearray(b'\xa1\x01\x00\x9f\x00\xb1\x00Y\x00\x80\x01\x00\x00\x00\x00\xcc')
2025-07-09 22:55:10,870 - client - INFO - Received packet bytearray(b'\xa1\x02(\xc0)\xc7(\xdc\x00\xeb\x01\x00\x00\x00\x00k')
2025-07-09 22:55:10,871 - client - INFO - Received packet bytearray(b'\xa1\x03\x1d\x06\xfb\x00\xee\x0f\x00\x00\x00\x00\x00\x00\x00\xbf')
2025-07-09 22:55:10,871 - client - INFO - Received packet bytearray(b'\xa1\x01\x00\xa5\x00\xb1\x00Y\x00\x80\x01\x00\x00\x00\x00\xd2')
2025-07-09 22:55:10,872 - client - INFO - Received packet bytearray(b'\xa1\x02(\xd5)\xc7(\xdc\x00\xeb\x01\x00\x00\x00\x00\x80')
2025-07-09 22:55:10,872 - client - INFO - Received packet bytearray(b'\xa1\x03\x1d\x06\xfb\x00\xee\x0f\x00\x00\x00\x00\x00\x00\x00\xbf')
2025-07-09 22:55:10,873 - client - ERROR - SpO2(current=159, max=177, min=89, diff=128)
2025-07-09 22:55:10,873 - client - ERROR - PPG(current=10432, max=10695, min=10460, diff=235)
2025-07-09 22:55:10,873 - client - ERROR - Accelerometer(x=1775, y=-1946, z=1968)
2025-07-09 22:55:10,873 - client - ERROR - SpO2(current=165, max=177, min=89, diff=128)
2025-07-09 22:55:10,874 - client - ERROR - PPG(current=10453, max=10695, min=10460, diff=235)
2025-07-09 22:55:10,874 - client - ERROR - Accelerometer(x=1775, y=-1946, z=1968)
2025-07-09 22:55:10,994 - client - INFO - Received packet bytearray(b'\xa1\x01\x00\xa5\x00\xb1\x00Y\x00\x80\x01\x00\x00\x00\x00\xd2')
2025-07-09 22:55:10,995 - client - INFO - Received packet bytearray(b'\xa1\x02(\xd1)\xc7(\xdc\x00\xeb\x01\x00\x00\x00\x00|')
2025-07-09 22:55:10,996 - client - INFO - Received packet bytearray(b'\xa1\x03\x1d\x06\xfb\x00\xee\x0f\x00\x00\x00\x00\x00\x00\x00\xbf')
2025-07-09 22:55:10,996 - client - ERROR - SpO2(current=165, max=177, min=89, diff=128)
2025-07-09 22:55:10,996 - client - ERROR - PPG(current=10449, max=10695, min=10460, diff=235)
2025-07-09 22:55:10,997 - client - ERROR - Accelerometer(x=1775, y=-1946, z=1968)
2025-07-09 22:55:11,244 - client - INFO - Received packet bytearray(b'\xa1\x01\x00\xa5\x00\xb1\x00Y\x00\x80\x01\x00\x00\x00\x00\xd2')
2025-07-09 22:55:11,245 - client - INFO - Received packet bytearray(b'\xa1\x02(\xd6)\xc7(\xdc\x00\xeb\x01\x00\x00\x00\x00\x81')
2025-07-09 22:55:11,246 - client - INFO - Received packet bytearray(b'\xa1\x03\x1d\x06\xfb\x00\xee\x0f\x00\x00\x00\x00\x00\x00\x00\xbf')
2025-07-09 22:55:11,246 - client - ERROR - SpO2(current=165, max=177, min=89, diff=128)
2025-07-09 22:55:11,247 - client - ERROR - PPG(current=10454, max=10695, min=10460, diff=235)
2025-07-09 22:55:11,247 - client - ERROR - Accelerometer(x=1775, y=-1946, z=1968)
2025-07-09 22:55:11,494 - client - INFO - Received packet bytearray(b'\xa1\x01\x00\xa5\x00\xb1\x00Y\x00\x80\x01\x00\x00\x00\x00\xd2')
2025-07-09 22:55:11,495 - client - INFO - Received packet bytearray(b'\xa1\x02(\xd1)\xc7(\xdc\x00\xeb\x01\x00\x00\x00\x00|')
2025-07-09 22:55:11,495 - client - INFO - Received packet bytearray(b'\xa1\x03\x1d\x06\xfb\x00\xee\x0f\x00\x00\x00\x00\x00\x00\x00\xbf')
2025-07-09 22:55:11,496 - client - ERROR - SpO2(current=165, max=177, min=89, diff=128)
2025-07-09 22:55:11,496 - client - ERROR - PPG(current=10449, max=10695, min=10460, diff=235)
2025-07-09 22:55:11,497 - client - ERROR - Accelerometer(x=1775, y=-1946, z=1968)
2025-07-09 22:55:11,869 - client - INFO - Received packet bytearray(b'\xa1\x01\x00\xa5\x00\xb1\x00Y\x00\x80\x01\x00\x00\x00\x00\xd2')
2025-07-09 22:55:11,870 - client - INFO - Received packet bytearray(b'\xa1\x02(\xd3)\xc7(\xdc\x00\xeb\x01\x00\x00\x00\x00~')
2025-07-09 22:55:11,870 - client - INFO - Received packet bytearray(b'\xa1\x03\x1d\x06\xfb\x00\xee\x0f\x00\x00\x00\x00\x00\x00\x00\xbf')
2025-07-09 22:55:11,871 - client - ERROR - SpO2(current=165, max=177, min=89, diff=128)
2025-07-09 22:55:11,871 - client - ERROR - PPG(current=10451, max=10695, min=10460, diff=235)
2025-07-09 22:55:11,872 - client - ERROR - Accelerometer(x=1775, y=-1946, z=1968)
2025-07-09 22:55:12,369 - client - INFO - Received packet bytearray(b'\xa1\x01\x00\xa5\x00\xb1\x00Y\x00\x80\x01\x00\x00\x00\x00\xd2')
2025-07-09 22:55:12,370 - client - INFO - Received packet bytearray(b'\xa1\x02(\xce)\xc7(\xdc\x00\xeb\x01\x00\x00\x00\x00y')
2025-07-09 22:55:12,371 - client - INFO - Received packet bytearray(b'\xa1\x03\x1d\x06\xfb\x0e\xee\x06\x00\x00\x00\x00\x00\x00\x00\xc4')
2025-07-09 22:55:12,371 - client - INFO - Received packet bytearray(b'\xa1\x01\x00\xa5\x00\xb1\x00Y\x00\x80\x01\x00\x00\x00\x00\xd2')
2025-07-09 22:55:12,372 - client - INFO - Received packet bytearray(b'\xa1\x02(\xd5)\xc7(\xdc\x00\xeb\x01\x00\x00\x00\x00\x80')
2025-07-09 22:55:12,372 - client - INFO - Received packet bytearray(b'\xa1\x03\x1e\x01\xfb\x0c\xee\x08\x00\x00\x00\x00\x00\x00\x00\xc0')
2025-07-09 22:55:12,373 - client - ERROR - SpO2(current=165, max=177, min=89, diff=128)
2025-07-09 22:55:12,373 - client - ERROR - PPG(current=10446, max=10695, min=10460, diff=235)
2025-07-09 22:55:12,494 - client - INFO - Received packet bytearray(b'\xa1\x01\x00\xa5\x00\xb1\x00Y\x00\x80\x01\x00\x00\x00\x00\xd2')
2025-07-09 22:55:12,494 - client - INFO - Received packet bytearray(b'\xa1\x02(\xd5)\xc7(\xdc\x00\xeb\x01\x00\x00\x00\x00\x80')
2025-07-09 22:55:12,495 - client - INFO - Received packet bytearray(b'\xa1\x03\x1d\t\xfb\t\xee\x0e\x00\x00\x00\x00\x00\x00\x00\xca')
2025-07-09 22:55:13,244 - client - INFO - Received packet bytearray(b'\x03b\x00\x00\x00\x00\x00\x00\x00\x00\x00\x00\x00\x00\x00e')
2025-07-09 22:55:13,245 - __main__ - ERROR - Failed to get battery status: 'BatteryInfo' object has no attribute 'level'
2025-07-09 22:56:44,517 - __main__ - INFO - Starting ring monitor for device: 1A:8E:08:AC:1E:97
2025-07-09 22:56:44,548 - client - INFO - Connecting to 1A:8E:08:AC:1E:97
2025-07-09 22:56:54,582 - __main__ - ERROR - Error in monitoring loop: Device with address 1A:8E:08:AC:1E:97 was not found.
2025-07-09 22:56:54,582 - __main__ - INFO - Ring monitor stopped
2025-07-09 22:56:54,583 - __main__ - ERROR - Fatal error: Device with address 1A:8E:08:AC:1E:97 was not found.
2025-07-09 22:57:00,063 - __main__ - INFO - Starting ring monitor for device: 1A:8E:08:AC:1E:97
2025-07-09 22:57:00,099 - client - INFO - Connecting to 1A:8E:08:AC:1E:97
2025-07-09 22:57:10,116 - __main__ - ERROR - Error in monitoring loop: Device with address 1A:8E:08:AC:1E:97 was not found.
2025-07-09 22:57:10,116 - __main__ - INFO - Ring monitor stopped
2025-07-09 22:57:10,117 - __main__ - ERROR - Fatal error: Device with address 1A:8E:08:AC:1E:97 was not found.
2025-07-09 22:57:14,364 - __main__ - INFO - Starting ring monitor for device: 1A:8E:08:AC:1E:97
2025-07-09 22:57:14,398 - client - INFO - Connecting to 1A:8E:08:AC:1E:97
2025-07-09 22:57:24,450 - __main__ - ERROR - Error in monitoring loop: Device with address 1A:8E:08:AC:1E:97 was not found.
2025-07-09 22:57:24,451 - __main__ - INFO - Ring monitor stopped
2025-07-09 22:57:24,452 - __main__ - ERROR - Fatal error: Device with address 1A:8E:08:AC:1E:97 was not found.
2025-07-09 22:57:43,694 - __main__ - INFO - Starting ring monitor for device: 1A:8E:08:AC:1E:97
2025-07-09 22:57:43,726 - client - INFO - Connecting to 1A:8E:08:AC:1E:97
2025-07-09 22:57:47,955 - client - INFO - Connected!
2025-07-09 22:57:48,195 - __main__ - INFO - Device info: {'hw_version': 'R02_V3.0', 'fw_version': 'R02_3.00.06_240523'}
2025-07-09 22:57:48,315 - client - INFO - Received packet bytearray(b'\x03b\x00\x00\x00\x00\x00\x00\x00\x00\x00\x00\x00\x00\x00e')
2025-07-09 22:57:48,316 - __main__ - INFO - Battery: 98% (charging: False)
2025-07-09 22:57:48,435 - client - INFO - Received packet bytearray(b'\x16\x01\x02\x1e\x00\x00\x00\x00\x00\x00\x00\x00\x00\x00\x007')
2025-07-09 22:57:48,436 - __main__ - INFO - HR logging settings: enabled=False, interval=30min
2025-07-09 22:57:48,437 - __main__ - INFO - Starting monitoring loop (interval: 30s)
2025-07-09 22:57:48,437 - __main__ - INFO - --- Starting monitoring cycle ---
2025-07-09 22:57:48,437 - __main__ - INFO - Measuring real-time heart rate...
2025-07-09 22:57:48,614 - client - INFO - Received packet bytearray(b'i\x01\x00\x00\x00\x00\x00\x00\x00\x00\x00\x00\x00\x00\x00j')
2025-07-09 22:58:13,997 - client - INFO - Received packet bytearray(b'i\x01\x00Q\x00\x00\x00\x00\x00\x00\x00\x00\x00\x00\x00\xbb')
2025-07-09 22:58:14,434 - client - INFO - Received packet bytearray(b'i\x01\x00Q\x00\x00\x00\x00\x00\x00\x00\x00\x00\x00\x00\xbb')
2025-07-09 22:58:14,935 - client - INFO - Received packet bytearray(b'i\x01\x00Q\x00\x00\x00\x00\x00\x00\x00\x00\x00\x00\x00\xbb')
2025-07-09 22:58:15,434 - client - INFO - Received packet bytearray(b'i\x01\x00Q\x00\x00\x00\x00\x00\x00\x00\x00\x00\x00\x00\xbb')
2025-07-09 22:58:15,934 - client - INFO - Received packet bytearray(b'i\x01\x00O\x00\x00\x00\x00\x00\x00\x00\x00\x00\x00\x00\xb9')
2025-07-09 22:58:16,435 - client - INFO - Received packet bytearray(b'i\x01\x00O\x00\x00\x00\x00\x00\x00\x00\x00\x00\x00\x00\xb9')
2025-07-09 22:58:16,437 - __main__ - INFO - Real-time HR readings: [81, 81, 81, 81, 79, 79] (avg: 80.3 bpm)
2025-07-09 22:58:16,437 - __main__ - INFO - Getting firehose data...
2025-07-09 22:58:16,684 - client - INFO - Received packet bytearray(b'j\x01\x00\x00\x00\x00\x00\x00\x00\x00\x00\x00\x00\x00\x00k')
2025-07-09 22:58:16,685 - client - INFO - Received packet bytearray(b'\xa1\x01\x00\xa5\x00\xb1\x00Y\x00\x80\x01\x00\x00\x00\x00\xd2')
2025-07-09 22:58:16,686 - client - INFO - Received packet bytearray(b'\xa1\x02(\xd5)\xc7(\xdc\x00\xeb\x01\x00\x00\x00\x00\x80')
2025-07-09 22:58:16,686 - client - INFO - Received packet bytearray(b'\xa1\x03\x19\t\x08\t\xeb\x0f\x00\x00\x00\x00\x00\x00\x00\xd1')
2025-07-09 22:58:16,687 - client - ERROR - SpO2(current=165, max=177, min=89, diff=128)
2025-07-09 22:58:16,687 - client - ERROR - PPG(current=10453, max=10695, min=10460, diff=235)
2025-07-09 22:58:16,688 - client - ERROR - Accelerometer(x=1727, y=-1895, z=-1911)
2025-07-09 22:58:16,934 - client - INFO - Received packet bytearray(b'\xa1\x01\x00\xaa\x00\xb1\x00Y\x00\x80\x01\x00\x00\x00\x00\xd7')
2025-07-09 22:58:16,935 - client - INFO - Received packet bytearray(b'\xa1\x02(\xb9)\xc7(\xdc\x00\xeb\x01\x00\x00\x00\x00d')
2025-07-09 22:58:16,936 - client - INFO - Received packet bytearray(b'\xa1\x03\x19\t\x08\t\xeb\x0f\x00\x00\x00\x00\x00\x00\x00\xd1')
2025-07-09 22:58:16,936 - client - ERROR - SpO2(current=170, max=177, min=89, diff=128)
2025-07-09 22:58:16,937 - client - ERROR - PPG(current=10425, max=10695, min=10460, diff=235)
2025-07-09 22:58:16,937 - client - ERROR - Accelerometer(x=1727, y=-1895, z=-1911)
2025-07-09 22:58:17,060 - client - INFO - Received packet bytearray(b'\xa1\x01\x00\xaa\x00\xb1\x00Y\x00\x80\x01\x00\x00\x00\x00\xd7')
2025-07-09 22:58:17,060 - client - INFO - Received packet bytearray(b'\xa1\x02(\xb7)\xc7(\xdc\x00\xeb\x01\x00\x00\x00\x00b')
2025-07-09 22:58:17,061 - client - INFO - Received packet bytearray(b'\xa1\x03\x19\t\x08\t\xeb\x0f\x00\x00\x00\x00\x00\x00\x00\xd1')
2025-07-09 22:58:17,061 - client - ERROR - SpO2(current=170, max=177, min=89, diff=128)
2025-07-09 22:58:17,062 - client - ERROR - PPG(current=10423, max=10695, min=10460, diff=235)
2025-07-09 22:58:17,062 - client - ERROR - Accelerometer(x=1727, y=-1895, z=-1911)
2025-07-09 22:58:17,309 - client - INFO - Received packet bytearray(b'\xa1\x01\x00\xaa\x00\xb1\x00Y\x00\x80\x01\x00\x00\x00\x00\xd7')
2025-07-09 22:58:17,310 - client - INFO - Received packet bytearray(b'\xa1\x02(\xba)\xc7(\xdc\x00\xeb\x01\x00\x00\x00\x00e')
2025-07-09 22:58:17,311 - client - INFO - Received packet bytearray(b'\xa1\x03\x19\t\x08\t\xeb\x0f\x00\x00\x00\x00\x00\x00\x00\xd1')
2025-07-09 22:58:17,311 - client - ERROR - SpO2(current=170, max=177, min=89, diff=128)
2025-07-09 22:58:17,312 - client - ERROR - PPG(current=10426, max=10695, min=10460, diff=235)
2025-07-09 22:58:17,312 - client - ERROR - Accelerometer(x=1727, y=-1895, z=-1911)
2025-07-09 22:58:17,559 - client - INFO - Received packet bytearray(b'\xa1\x01\x00\xaa\x00\xb1\x00Y\x00\x80\x01\x00\x00\x00\x00\xd7')
2025-07-09 22:58:17,560 - client - INFO - Received packet bytearray(b'\xa1\x02(\xb8)\xc7(\xdc\x00\xeb\x01\x00\x00\x00\x00c')
2025-07-09 22:58:17,561 - client - ERROR - SpO2(current=170, max=177, min=89, diff=128)
2025-07-09 22:58:17,561 - client - ERROR - PPG(current=10424, max=10695, min=10460, diff=235)
2025-07-09 22:58:17,684 - client - INFO - Received packet bytearray(b'\xa1\x03\x19\t\x08\t\xeb\x0f\x00\x00\x00\x00\x00\x00\x00\xd1')
2025-07-09 22:58:17,686 - client - ERROR - Accelerometer(x=1727, y=-1895, z=-1911)
2025-07-09 22:58:17,810 - client - INFO - Received packet bytearray(b'\xa1\x01\x00\xaa\x00\xb1\x00Y\x00\x80\x01\x00\x00\x00\x00\xd7')
2025-07-09 22:58:17,811 - client - INFO - Received packet bytearray(b'\xa1\x02(\xb8)\xc7(\xdc\x00\xeb\x01\x00\x00\x00\x00c')
2025-07-09 22:58:17,811 - client - INFO - Received packet bytearray(b'\xa1\x03\x19\t\x08\t\xeb\x0f\x00\x00\x00\x00\x00\x00\x00\xd1')
2025-07-09 22:58:17,812 - client - ERROR - SpO2(current=170, max=177, min=89, diff=128)
2025-07-09 22:58:17,812 - client - ERROR - PPG(current=10424, max=10695, min=10460, diff=235)
2025-07-09 22:58:17,813 - client - ERROR - Accelerometer(x=1727, y=-1895, z=-1911)
2025-07-09 22:58:18,185 - client - INFO - Received packet bytearray(b'\xa1\x01\x00\xaa\x00\xb1\x00Y\x00\x80\x01\x00\x00\x00\x00\xd7')
2025-07-09 22:58:18,186 - client - INFO - Received packet bytearray(b'\xa1\x02(\xb6)\xc7(\xdc\x00\xeb\x01\x00\x00\x00\x00a')
2025-07-09 22:58:18,186 - client - INFO - Received packet bytearray(b'\xa1\x03\x19\t\x08\t\xeb\x0f\x00\x00\x00\x00\x00\x00\x00\xd1')
2025-07-09 22:58:18,187 - client - ERROR - SpO2(current=170, max=177, min=89, diff=128)
2025-07-09 22:58:18,187 - client - ERROR - PPG(current=10422, max=10695, min=10460, diff=235)
2025-07-09 22:58:18,434 - client - INFO - Received packet bytearray(b'\xa1\x01\x00\xaa\x00\xb1\x00Y\x00\x80\x01\x00\x00\x00\x00\xd7')
2025-07-09 22:58:18,435 - client - INFO - Received packet bytearray(b'\xa1\x02(\xb8)\xc7(\xdc\x00\xeb\x01\x00\x00\x00\x00c')
2025-07-09 22:58:18,436 - client - INFO - Received packet bytearray(b'\xa1\x03\x19\t\x08\t\xeb\x0f\x00\x00\x00\x00\x00\x00\x00\xd1')
2025-07-09 22:58:18,436 - client - INFO - Received packet bytearray(b'\x03b\x00\x00\x00\x00\x00\x00\x00\x00\x00\x00\x00\x00\x00e')
2025-07-09 22:58:18,437 - __main__ - INFO - Battery: 98% (charging: False)
